// Jest Snapshot v1, https://goo.gl/fbAQLP

exports[`handles redFlagRequest should dispatch a successful signup action 1`] = `
Array [
  Object {
    "type": "START_FETCHING",
  },
]
`;
