// Jest Snapshot v1, https://goo.gl/fbAQLP

exports[`handles singleRecordRequest handles success case 1`] = `
Array [
  Object {
    "type": "START_FETCHING",
  },
]
`;
