// Jest Snapshot v1, https://goo.gl/fbAQLP

exports[`SingleRecord component should render singleRecord page 1`] = `ReactWrapper {}`;
